[2026-08-25T22:27:22.394Z] Plugin initialized: 0 commands []
[2026-08-25T22:27:22.396Z] Registered /subtask command
[2026-08-25T22:29:16.739Z] message-hooks: ENTRY msgCount=1, sessions=ses_fc4f53fc5ffeBtrjFwh1NLrUta
[2026-08-25T22:29:16.739Z] message-hooks: MESSAGES: [0]user: text:"ls

<dcp-message-id>m0001</dcp-message-i..."
[2026-08-25T22:29:16.739Z] message-hooks: post-filter, msgCount=1
[2026-08-25T22:29:16.739Z] message-hooks: about to search for OPENCODE_GENERIC
[2026-08-25T22:29:16.739Z] message-hooks: searching 1 messages for OPENCODE_GENERIC
[2026-08-25T22:29:16.739Z] message-hooks: generic search complete, found=false, index=-1
[2026-08-25T22:29:16.739Z] message-hooks: no generic part found, checking for pending prompt return
[2026-08-25T22:29:16.823Z] session.idle: sessionID=ses_fc4f53fc5ffeBtrjFwh1NLrUta
[2026-08-25T22:30:12.680Z] message-hooks: ENTRY msgCount=40, sessions=ses_fc9463469ffeflDKTsjvbna3Nl
[2026-08-25T22:30:12.680Z] message-hooks: MESSAGES: [0]user: text:"[Compressed conversation section]
## Use..." | [1]assistant: step-start, reasoning, text:"Tengo toda la información necesaria. Aqu...", step-finish, patch | [2]assistant: step-start, reasoning, step-finish, patch | [3]assistant: step-start, reasoning, text:"## Plan: Documentación Profesional: menu...", tool:completed, step-finish, patch | [4]assistant: step-start, reasoning, text:"Perfecto. Aquí está el plan actualizado:...", step-finish, patch | [5]user: text:"si

<dcp-message-id>m0012</dcp-message-i..." | [6]assistant: step-start, reasoning, tool:completed, step-finish, patch | [7]assistant: step-start, reasoning, tool:completed, step-finish, patch | [8]assistant: step-start, reasoning, tool:completed, step-finish, patch | [9]assistant: step-start, reasoning, tool:completed, step-finish, patch | [10]assistant: step-start, reasoning, tool:completed, step-finish, patch | [11]assistant: step-start, reasoning, tool:completed, tool:completed, tool:completed, tool:completed, step-finish, patch | [12]assistant: step-start, reasoning, tool:completed, step-finish, patch | [13]assistant: step-start, reasoning, tool:completed, step-finish, patch | [14]assistant: step-start, reasoning, tool:completed, tool:completed, step-finish, patch | [15]assistant: step-start, reasoning, text:"Voy a usar `filesystem_write_file` para ...", tool:completed, tool:completed, tool:completed, tool:completed, tool:completed, tool:completed, step-finish, patch | [16]assistant: step-start, reasoning, tool:completed, step-finish, patch | [17]assistant: step-start, reasoning, tool:completed, tool:completed, tool:completed, tool:completed, step-finish, patch | [18]assistant: step-start, reasoning, tool:completed, step-finish, patch | [19]assistant: step-start, reasoning, tool:completed, tool:completed, tool:completed, tool:completed, step-finish, patch | [20]assistant: step-start, reasoning, tool:completed, step-finish, patch | [21]assistant: step-start, reasoning, tool:completed, step-finish, patch | [22]user: text:"▣ DCP | -20.9K removed, +3.8K summary

│..." | [23]assistant: step-start, reasoning, text:"<dcp-system-reminder>
You've been iterat...", tool:completed, tool:completed, tool:completed, tool:completed, step-finish, patch | [24]assistant: step-start, reasoning, tool:completed, step-finish, patch | [25]assistant: step-start, reasoning, tool:completed, tool:completed, tool:completed, tool:completed, step-finish, patch | [26]assistant: step-start, reasoning, tool:completed, step-finish, patch | [27]assistant: step-start, reasoning, tool:completed, tool:completed, tool:completed, tool:completed, tool:completed, tool:completed, tool:completed, step-finish, patch | [28]assistant: step-start, reasoning, text:"<dcp-system-reminder>
You've been iterat...", tool:completed, step-finish, patch | [29]assistant: step-start, reasoning, tool:completed, tool:completed, tool:completed, tool:completed, step-finish, patch | [30]assistant: step-start, reasoning, tool:completed, step-finish, patch | [31]assistant: step-start, reasoning, tool:completed, tool:completed, tool:completed, tool:completed, step-finish, patch | [32]assistant: step-start, reasoning, tool:completed, step-finish, patch | [33]assistant: step-start, reasoning, text:"<dcp-system-reminder>
You've been iterat...", tool:completed, tool:completed, tool:completed, tool:completed, step-finish, patch | [34]assistant: step-start, reasoning, tool:completed, step-finish, patch | [35]assistant: step-start, reasoning, tool:completed, step-finish, patch | [36]assistant: step-start, reasoning, tool:completed, step-finish, patch | [37]assistant: step-start, reasoning, tool:completed, step-finish, patch | [38]assistant: step-start, reasoning, text:"## ✅ Documentación Bilingüe Completada

...", step-finish, patch | [39]user: text:"REFACTORIZACION_DISENO.md que paso con e..."
[2026-08-25T22:30:12.681Z] message-hooks: post-filter, msgCount=40
[2026-08-25T22:30:12.681Z] message-hooks: about to search for OPENCODE_GENERIC
[2026-08-25T22:30:12.681Z] message-hooks: searching 40 messages for OPENCODE_GENERIC
[2026-08-25T22:30:12.681Z] message-hooks: generic search complete, found=false, index=-1
[2026-08-25T22:30:12.681Z] message-hooks: no generic part found, checking for pending prompt return
[2026-08-25T22:30:22.136Z] message-hooks: ENTRY msgCount=42, sessions=ses_fc9463469ffeflDKTsjvbna3Nl
[2026-08-25T22:30:22.136Z] message-hooks: MESSAGES: [0]user: text:"[Compressed conversation section]
## Use..." | [1]assistant: step-start, reasoning, text:"Tengo toda la información necesaria. Aqu...", step-finish, patch | [2]assistant: step-start, reasoning, step-finish, patch | [3]assistant: step-start, reasoning, text:"## Plan: Documentación Profesional: menu...", tool:completed, step-finish, patch | [4]assistant: step-start, reasoning, text:"Perfecto. Aquí está el plan actualizado:...", step-finish, patch | [5]user: text:"si

<dcp-message-id>m0012</dcp-message-i..." | [6]assistant: step-start, reasoning, tool:completed, step-finish, patch | [7]assistant: step-start, reasoning, tool:completed, step-finish, patch | [8]assistant: step-start, reasoning, tool:completed, step-finish, patch | [9]assistant: step-start, reasoning, tool:completed, step-finish, patch | [10]assistant: step-start, reasoning, tool:completed, step-finish, patch | [11]assistant: step-start, reasoning, tool:completed, tool:completed, tool:completed, tool:completed, step-finish, patch | [12]assistant: step-start, reasoning, tool:completed, step-finish, patch | [13]assistant: step-start, reasoning, tool:completed, step-finish, patch | [14]assistant: step-start, reasoning, tool:completed, tool:completed, step-finish, patch | [15]assistant: step-start, reasoning, text:"Voy a usar `filesystem_write_file` para ...", tool:completed, tool:completed, tool:completed, tool:completed, tool:completed, tool:completed, step-finish, patch | [16]assistant: step-start, reasoning, tool:completed, step-finish, patch | [17]assistant: step-start, reasoning, tool:completed, tool:completed, tool:completed, tool:completed, step-finish, patch | [18]assistant: step-start, reasoning, tool:completed, step-finish, patch | [19]assistant: step-start, reasoning, tool:completed, tool:completed, tool:completed, tool:completed, step-finish, patch | [20]assistant: step-start, reasoning, tool:completed, step-finish, patch | [21]assistant: step-start, reasoning, tool:completed, step-finish, patch | [22]user: text:"▣ DCP | -20.9K removed, +3.8K summary

│..." | [23]assistant: step-start, reasoning, text:"<dcp-system-reminder>
You've been iterat...", tool:completed, tool:completed, tool:completed, tool:completed, step-finish, patch | [24]assistant: step-start, reasoning, tool:completed, step-finish, patch | [25]assistant: step-start, reasoning, tool:completed, tool:completed, tool:completed, tool:completed, step-finish, patch | [26]assistant: step-start, reasoning, tool:completed, step-finish, patch | [27]assistant: step-start, reasoning, tool:completed, tool:completed, tool:completed, tool:completed, tool:completed, tool:completed, tool:completed, step-finish, patch | [28]assistant: step-start, reasoning, text:"<dcp-system-reminder>
You've been iterat...", tool:completed, step-finish, patch | [29]assistant: step-start, reasoning, tool:completed, tool:completed, tool:completed, tool:completed, step-finish, patch | [30]assistant: step-start, reasoning, tool:completed, step-finish, patch | [31]assistant: step-start, reasoning, tool:completed, tool:completed, tool:completed, tool:completed, step-finish, patch | [32]assistant: step-start, reasoning, tool:completed, step-finish, patch | [33]assistant: step-start, reasoning, text:"<dcp-system-reminder>
You've been iterat...", tool:completed, tool:completed, tool:completed, tool:completed, step-finish, patch | [34]assistant: step-start, reasoning, tool:completed, step-finish, patch | [35]assistant: step-start, reasoning, tool:completed, step-finish, patch | [36]assistant: step-start, reasoning, tool:completed, step-finish, patch | [37]assistant: step-start, reasoning, tool:completed, step-finish, patch | [38]assistant: step-start, reasoning, text:"## ✅ Documentación Bilingüe Completada

...", step-finish, patch | [39]user: text:"REFACTORIZACION_DISENO.md que paso con e..." | [40]assistant: step-start, reasoning, text:"<dcp-system-reminder>
Evaluate the conve...", tool:completed, step-finish, patch | [41]user: text:"si no es tuyo, eliminalo

<dcp-message-i..."
[2026-08-25T22:30:22.136Z] message-hooks: post-filter, msgCount=42
[2026-08-25T22:30:22.136Z] message-hooks: about to search for OPENCODE_GENERIC
[2026-08-25T22:30:22.136Z] message-hooks: searching 42 messages for OPENCODE_GENERIC
[2026-08-25T22:30:22.137Z] message-hooks: generic search complete, found=false, index=-1
[2026-08-25T22:30:22.137Z] message-hooks: no generic part found, checking for pending prompt return
[2026-08-25T22:30:36.393Z] message-hooks: ENTRY msgCount=43, sessions=ses_fc9463469ffeflDKTsjvbna3Nl
[2026-08-25T22:30:36.393Z] message-hooks: MESSAGES: [0]user: text:"[Compressed conversation section]
## Use..." | [1]assistant: step-start, reasoning, text:"Tengo toda la información necesaria. Aqu...", step-finish, patch | [2]assistant: step-start, reasoning, step-finish, patch | [3]assistant: step-start, reasoning, text:"## Plan: Documentación Profesional: menu...", tool:completed, step-finish, patch | [4]assistant: step-start, reasoning, text:"Perfecto. Aquí está el plan actualizado:...", step-finish, patch | [5]user: text:"si

<dcp-message-id>m0012</dcp-message-i..." | [6]assistant: step-start, reasoning, tool:completed, step-finish, patch | [7]assistant: step-start, reasoning, tool:completed, step-finish, patch | [8]assistant: step-start, reasoning, tool:completed, step-finish, patch | [9]assistant: step-start, reasoning, tool:completed, step-finish, patch | [10]assistant: step-start, reasoning, tool:completed, step-finish, patch | [11]assistant: step-start, reasoning, tool:completed, tool:completed, tool:completed, tool:completed, step-finish, patch | [12]assistant: step-start, reasoning, tool:completed, step-finish, patch | [13]assistant: step-start, reasoning, tool:completed, step-finish, patch | [14]assistant: step-start, reasoning, tool:completed, tool:completed, step-finish, patch | [15]assistant: step-start, reasoning, text:"Voy a usar `filesystem_write_file` para ...", tool:completed, tool:completed, tool:completed, tool:completed, tool:completed, tool:completed, step-finish, patch | [16]assistant: step-start, reasoning, tool:completed, step-finish, patch | [17]assistant: step-start, reasoning, tool:completed, tool:completed, tool:completed, tool:completed, step-finish, patch | [18]assistant: step-start, reasoning, tool:completed, step-finish, patch | [19]assistant: step-start, reasoning, tool:completed, tool:completed, tool:completed, tool:completed, step-finish, patch | [20]assistant: step-start, reasoning, tool:completed, step-finish, patch | [21]assistant: step-start, reasoning, tool:completed, step-finish, patch | [22]user: text:"▣ DCP | -20.9K removed, +3.8K summary

│..." | [23]assistant: step-start, reasoning, text:"<dcp-system-reminder>
You've been iterat...", tool:completed, tool:completed, tool:completed, tool:completed, step-finish, patch | [24]assistant: step-start, reasoning, tool:completed, step-finish, patch | [25]assistant: step-start, reasoning, tool:completed, tool:completed, tool:completed, tool:completed, step-finish, patch | [26]assistant: step-start, reasoning, tool:completed, step-finish, patch | [27]assistant: step-start, reasoning, tool:completed, tool:completed, tool:completed, tool:completed, tool:completed, tool:completed, tool:completed, step-finish, patch | [28]assistant: step-start, reasoning, text:"<dcp-system-reminder>
You've been iterat...", tool:completed, step-finish, patch | [29]assistant: step-start, reasoning, tool:completed, tool:completed, tool:completed, tool:completed, step-finish, patch | [30]assistant: step-start, reasoning, tool:completed, step-finish, patch | [31]assistant: step-start, reasoning, tool:completed, tool:completed, tool:completed, tool:completed, step-finish, patch | [32]assistant: step-start, reasoning, tool:completed, step-finish, patch | [33]assistant: step-start, reasoning, text:"<dcp-system-reminder>
You've been iterat...", tool:completed, tool:completed, tool:completed, tool:completed, step-finish, patch | [34]assistant: step-start, reasoning, tool:completed, step-finish, patch | [35]assistant: step-start, reasoning, tool:completed, step-finish, patch | [36]assistant: step-start, reasoning, tool:completed, step-finish, patch | [37]assistant: step-start, reasoning, tool:completed, step-finish, patch | [38]assistant: step-start, reasoning, text:"## ✅ Documentación Bilingüe Completada

...", step-finish, patch | [39]user: text:"REFACTORIZACION_DISENO.md que paso con e..." | [40]assistant: step-start, reasoning, text:"<dcp-system-reminder>
Evaluate the conve...", tool:completed, step-finish, patch | [41]user: text:"si no es tuyo, eliminalo

<dcp-message-i..." | [42]assistant: step-start, reasoning, tool:completed, step-finish, patch
[2026-08-25T22:30:36.394Z] message-hooks: post-filter, msgCount=43
[2026-08-25T22:30:36.394Z] message-hooks: about to search for OPENCODE_GENERIC
[2026-08-25T22:30:36.394Z] message-hooks: searching 43 messages for OPENCODE_GENERIC
[2026-08-25T22:30:36.394Z] message-hooks: generic search complete, found=false, index=-1
[2026-08-25T22:30:36.394Z] message-hooks: no generic part found, checking for pending prompt return
[2026-08-25T22:30:42.643Z] session.idle: sessionID=ses_fc9463469ffeflDKTsjvbna3Nl
